https://raw.githack.com/jlnetosci/archive/main/pages/ubuntu_dual_boot/how-to-dual-boot-windows-10-and-ubuntu-linux-dual-booting-tutorial.html
https://raw.githack.com/jlnetosci/archive/main/pages/RNAseq_tutorial/DE.html
https://raw.githack.com/jlnetosci/archive/main/pages/google_trends_issues/550.html
https://raw.githack.com/jlnetosci/archive/main/pages/ggplot2_legend_text_color/how-to-manually-change-text-color-of-ggplot2-legend-in-r.html
https://raw.githack.com/jlnetosci/archive/main/pages/missing_values_python/how to generate missing values.html
https://raw.githack.com/jlnetosci/archive/main/pages/public_bioinformatics_servers/index.html
https://raw.githack.com/jlnetosci/archive/main/pages/mybinder_multiprocessing/3238.html
https://raw.githack.com/jlnetosci/archive/main/pages/mybinder_guidelines/user-guidelines.html
https://raw.githack.com/jlnetosci/archive/main/pages/cumulative_standard_deviation/how-to-calculate-cumulative-s-d.html
https://raw.githack.com/jlnetosci/archive/main/pages/knn_datasets/K-nearest_neighbor.html
https://raw.githack.com/jlnetosci/archive/main/pages/git_errors/index.html
